2026-07-26 10:09:39,898 INFO  [stdout] (webcontainer-worker task-5616) SimpleClaimSearch-SimpleClaimSearchScreen-Ext_ClaimSearchResultsLV-0-0
2026-07-26 10:10:38,343 INFO  [stdout] (webcontainer-worker task-5614) [(2) MARIA ARTO - Veicolo Assicurato]
2026-07-26 10:10:38,344 INFO  [stdout] (webcontainer-worker task-5614) [
2026-07-26 10:10:38,344 INFO  [stdout] (webcontainer-worker task-5614)   (AventeDiritto_Ext) {ID=-3147400001, BeanVersion=null, ArchivePartition=null, AventeDiritto=452140288, AventeDirittoType=Danneggiato, Check=-3147396001, LoadCommandID=null, PublicID=null}]
2026-07-26 10:10:38,465 INFO  [stdout] (webcontainer-worker task-5614) [(2) MARIA ARTO - Veicolo Assicurato]
2026-07-26 10:10:38,465 INFO  [stdout] (webcontainer-worker task-5614) [
2026-07-26 10:10:38,465 INFO  [stdout] (webcontainer-worker task-5614)   (AventeDiritto_Ext) {ID=-3147400001, BeanVersion=null, ArchivePartition=null, AventeDiritto=452140288, AventeDirittoType=Danneggiato, Check=-3147396001, LoadCommandID=null, PublicID=null}]
2026-07-26 10:10:38,467 INFO  [stdout] (webcontainer-worker task-5614) [(2) MARIA ARTO - Veicolo Assicurato]
2026-07-26 10:10:38,467 INFO  [stdout] (webcontainer-worker task-5614) [
2026-07-26 10:10:38,467 INFO  [stdout] (webcontainer-worker task-5614)   (AventeDiritto_Ext) {ID=-3147400001, BeanVersion=null, ArchivePartition=null, AventeDiritto=452140288, AventeDirittoType=Danneggiato, Check=-3147396001, LoadCommandID=null, PublicID=null}]
2026-07-26 10:10:44,163 INFO  [stdout] (webcontainer-worker task-5614) [(2) MARIA ARTO - Veicolo Assicurato]
2026-07-26 10:10:44,163 INFO  [stdout] (webcontainer-worker task-5614) [
2026-07-26 10:10:44,163 INFO  [stdout] (webcontainer-worker task-5614)   (AventeDiritto_Ext) {ID=-3147400001, BeanVersion=null, ArchivePartition=null, AventeDiritto=452140288, AventeDirittoType=Danneggiato, Check=-3147396001, LoadCommandID=null, PublicID=null}]
2026-07-26 10:10:44,187 INFO  [stdout] (webcontainer-worker task-5614) [(2) MARIA ARTO - Veicolo Assicurato]
2026-07-26 10:10:44,187 INFO  [stdout] (webcontainer-worker task-5614) [
2026-07-26 10:10:44,187 INFO  [stdout] (webcontainer-worker task-5614)   (AventeDiritto_Ext) {ID=-3147400001, BeanVersion=null, ArchivePartition=null, AventeDiritto=452140288, AventeDirittoType=Danneggiato, Check=-3147396001, LoadCommandID=null, PublicID=null}]
2026-07-26 10:10:44,210 INFO  [stdout] (webcontainer-worker task-5614) [(2) MARIA ARTO - Veicolo Assicurato]
2026-07-26 10:10:44,211 INFO  [stdout] (webcontainer-worker task-5614) [
2026-07-26 10:10:44,211 INFO  [stdout] (webcontainer-worker task-5614)   (AventeDiritto_Ext) {ID=-3147400001, BeanVersion=null, ArchivePartition=null, AventeDiritto=452140288, AventeDirittoType=Danneggiato, Check=-3147396001, LoadCommandID=null, PublicID=null}]
2026-07-26 10:10:44,246 INFO  [stdout] (webcontainer-worker task-5614) [(2) MARIA ARTO - Veicolo Assicurato]
2026-07-26 10:10:44,246 INFO  [stdout] (webcontainer-worker task-5614) [
2026-07-26 10:10:44,246 INFO  [stdout] (webcontainer-worker task-5614)   (AventeDiritto_Ext) {ID=-3147400001, BeanVersion=null, ArchivePartition=null, AventeDiritto=452140288, AventeDirittoType=Danneggiato, Check=-3147396001, LoadCommandID=null, PublicID=null}]
2026-07-26 10:10:44,356 INFO  [stdout] (webcontainer-worker task-5614) [(2) MARIA ARTO - Veicolo Assicurato]
2026-07-26 10:10:44,356 INFO  [stdout] (webcontainer-worker task-5614) [
2026-07-26 10:10:44,356 INFO  [stdout] (webcontainer-worker task-5614)   (AventeDiritto_Ext) {ID=-3147400001, BeanVersion=null, ArchivePartition=null, AventeDiritto=452140288, AventeDirittoType=Danneggiato, Check=-3147396001, LoadCommandID=null, PublicID=null}]
2026-07-26 10:10:44,358 INFO  [stdout] (webcontainer-worker task-5614) [(2) MARIA ARTO - Veicolo Assicurato]
2026-07-26 10:10:44,358 INFO  [stdout] (webcontainer-worker task-5614) [
2026-07-26 10:10:44,358 INFO  [stdout] (webcontainer-worker task-5614)   (AventeDiritto_Ext) {ID=-3147400001, BeanVersion=null, ArchivePartition=null, AventeDiritto=452140288, AventeDirittoType=Danneggiato, Check=-3147396001, LoadCommandID=null, PublicID=null}]
2026-07-26 10:10:47,386 INFO  [stdout] (webcontainer-worker task-5614) [(2) MARIA ARTO - Veicolo Assicurato]
2026-07-26 10:10:47,386 INFO  [stdout] (webcontainer-worker task-5614) [
2026-07-26 10:10:47,386 INFO  [stdout] (webcontainer-worker task-5614)   (AventeDiritto_Ext) {ID=-3147400001, BeanVersion=null, ArchivePartition=null, AventeDiritto=452140288, AventeDirittoType=Danneggiato, Check=-3147396001, LoadCommandID=null, PublicID=null}]
2026-07-26 10:10:47,414 INFO  [stdout] (webcontainer-worker task-5614) [(2) MARIA ARTO - Veicolo Assicurato]
2026-07-26 10:10:47,414 INFO  [stdout] (webcontainer-worker task-5614) [
2026-07-26 10:10:47,414 INFO  [stdout] (webcontainer-worker task-5614)   (AventeDiritto_Ext) {ID=-3147400001, BeanVersion=null, ArchivePartition=null, AventeDiritto=452140288, AventeDirittoType=Danneggiato, Check=-3147396001, LoadCommandID=null, PublicID=null}]
2026-07-26 10:10:47,439 INFO  [stdout] (webcontainer-worker task-5614) [(2) MARIA ARTO - Veicolo Assicurato]
2026-07-26 10:10:47,439 INFO  [stdout] (webcontainer-worker task-5614) [
2026-07-26 10:10:47,439 INFO  [stdout] (webcontainer-worker task-5614)   (AventeDiritto_Ext) {ID=-3147400001, BeanVersion=null, ArchivePartition=null, AventeDiritto=452140288, AventeDirittoType=Danneggiato, Check=-3147396001, LoadCommandID=null, PublicID=null}]
2026-07-26 10:11:51,371 INFO  [stdout] (webcontainer-worker task-5616) [(2) MARIA ARTO - Veicolo Assicurato]
2026-07-26 10:11:51,372 INFO  [stdout] (webcontainer-worker task-5616) [
2026-07-26 10:11:51,372 INFO  [stdout] (webcontainer-worker task-5616)   (AventeDiritto_Ext) {ID=-3147400001, BeanVersion=null, ArchivePartition=null, AventeDiritto=452140288, AventeDirittoType=Danneggiato, Check=-3147396001, LoadCommandID=null, PublicID=null}]
2026-07-26 10:11:51,480 INFO  [stdout] (webcontainer-worker task-5616) [(2) MARIA ARTO - Veicolo Assicurato]
2026-07-26 10:11:51,481 INFO  [stdout] (webcontainer-worker task-5616) [
2026-07-26 10:11:51,481 INFO  [stdout] (webcontainer-worker task-5616)   (AventeDiritto_Ext) {ID=-3147400001, BeanVersion=null, ArchivePartition=null, AventeDiritto=452140288, AventeDirittoType=Danneggiato, Check=-3147396001, LoadCommandID=null, PublicID=null}]
2026-07-26 10:11:51,484 INFO  [stdout] (webcontainer-worker task-5616) [(2) MARIA ARTO - Veicolo Assicurato]
2026-07-26 10:11:51,484 INFO  [stdout] (webcontainer-worker task-5616) [
2026-07-26 10:11:51,484 INFO  [stdout] (webcontainer-worker task-5616)   (AventeDiritto_Ext) {ID=-3147400001, BeanVersion=null, ArchivePartition=null, AventeDiritto=452140288, AventeDirittoType=Danneggiato, Check=-3147396001, LoadCommandID=null, PublicID=null}]
2026-07-26 10:11:54,243 INFO  [stdout] (webcontainer-worker task-5616) [(2) MARIA ARTO - Veicolo Assicurato]
2026-07-26 10:11:54,243 INFO  [stdout] (webcontainer-worker task-5616) [
2026-07-26 10:11:54,243 INFO  [stdout] (webcontainer-worker task-5616)   (AventeDiritto_Ext) {ID=-3147400001, BeanVersion=null, ArchivePartition=null, AventeDiritto=452140288, AventeDirittoType=Danneggiato, Check=-3147396001, LoadCommandID=null, PublicID=null}]
2026-07-26 10:11:54,272 INFO  [stdout] (webcontainer-worker task-5616) [(2) MARIA ARTO - Veicolo Assicurato]
2026-07-26 10:11:54,272 INFO  [stdout] (webcontainer-worker task-5616) [
2026-07-26 10:11:54,272 INFO  [stdout] (webcontainer-worker task-5616)   (AventeDiritto_Ext) {ID=-3147400001, BeanVersion=null, ArchivePartition=null, AventeDiritto=452140288, AventeDirittoType=Danneggiato, Check=-3147396001, LoadCommandID=null, PublicID=null}]
2026-07-26 10:11:54,298 INFO  [stdout] (webcontainer-worker task-5616) [(2) MARIA ARTO - Veicolo Assicurato]
2026-07-26 10:11:54,298 INFO  [stdout] (webcontainer-worker task-5616) [
2026-07-26 10:11:54,299 INFO  [stdout] (webcontainer-worker task-5616)   (AventeDiritto_Ext) {ID=-3147400001, BeanVersion=null, ArchivePartition=null, AventeDiritto=452140288, AventeDirittoType=Danneggiato, Check=-3147396001, LoadCommandID=null, PublicID=null}]
2026-07-26 10:12:35,560 INFO  [stdout] (webcontainer-worker task-5616) [(2) MARIA ARTO - Veicolo Assicurato]
2026-07-26 10:12:35,560 INFO  [stdout] (webcontainer-worker task-5616) [
2026-07-26 10:12:35,560 INFO  [stdout] (webcontainer-worker task-5616)   (AventeDiritto_Ext) {ID=-3147400001, BeanVersion=null, ArchivePartition=null, AventeDiritto=452140288, AventeDirittoType=Danneggiato, Check=-3147396001, LoadCommandID=null, PublicID=null}]
2026-07-26 10:12:35,682 INFO  [stdout] (webcontainer-worker task-5616) [(2) MARIA ARTO - Veicolo Assicurato]
2026-07-26 10:12:35,682 INFO  [stdout] (webcontainer-worker task-5616) [
2026-07-26 10:12:35,682 INFO  [stdout] (webcontainer-worker task-5616)   (AventeDiritto_Ext) {ID=-3147400001, BeanVersion=null, ArchivePartition=null, AventeDiritto=452140288, AventeDirittoType=Danneggiato, Check=-3147396001, LoadCommandID=null, PublicID=null}]
2026-07-26 10:12:35,685 INFO  [stdout] (webcontainer-worker task-5616) [(2) MARIA ARTO - Veicolo Assicurato]
2026-07-26 10:12:35,685 INFO  [stdout] (webcontainer-worker task-5616) [
2026-07-26 10:12:35,685 INFO  [stdout] (webcontainer-worker task-5616)   (AventeDiritto_Ext) {ID=-3147400001, BeanVersion=null, ArchivePartition=null, AventeDiritto=452140288, AventeDirittoType=Danneggiato, Check=-3147396001, LoadCommandID=null, PublicID=null}]
2026-07-26 10:12:44,828 INFO  [stdout] (webcontainer-worker task-5616) [(2) MARIA ARTO - Veicolo Assicurato]
2026-07-26 10:12:44,829 INFO  [stdout] (webcontainer-worker task-5616) [
2026-07-26 10:12:44,829 INFO  [stdout] (webcontainer-worker task-5616)   (AventeDiritto_Ext) {ID=-3147400001, BeanVersion=null, ArchivePartition=null, AventeDiritto=452140288, AventeDirittoType=Danneggiato, Check=-3147396001, LoadCommandID=null, PublicID=null}]
2026-07-26 10:12:44,854 INFO  [stdout] (webcontainer-worker task-5616) [(2) MARIA ARTO - Veicolo Assicurato]
2026-07-26 10:12:44,854 INFO  [stdout] (webcontainer-worker task-5616) [
2026-07-26 10:12:44,854 INFO  [stdout] (webcontainer-worker task-5616)   (AventeDiritto_Ext) {ID=-3147400001, BeanVersion=null, ArchivePartition=null, AventeDiritto=452140288, AventeDirittoType=Danneggiato, Check=-3147396001, LoadCommandID=null, PublicID=null}]
2026-07-26 10:12:44,879 INFO  [stdout] (webcontainer-worker task-5616) [(2) MARIA ARTO - Veicolo Assicurato]
2026-07-26 10:12:44,879 INFO  [stdout] (webcontainer-worker task-5616) [
2026-07-26 10:12:44,879 INFO  [stdout] (webcontainer-worker task-5616)   (AventeDiritto_Ext) {ID=-3147400001, BeanVersion=null, ArchivePartition=null, AventeDiritto=452140288, AventeDirittoType=Danneggiato, Check=-3147396001, LoadCommandID=null, PublicID=null}]
2026-07-26 10:12:44,883 INFO  [stdout] (webcontainer-worker task-5616) [(2) MARIA ARTO - Veicolo Assicurato]
2026-07-26 10:12:44,883 INFO  [stdout] (webcontainer-worker task-5616) [
2026-07-26 10:12:44,883 INFO  [stdout] (webcontainer-worker task-5616)   (AventeDiritto_Ext) {ID=-3147400001, BeanVersion=null, ArchivePartition=null, AventeDiritto=452140288, AventeDirittoType=Danneggiato, Check=-3147396001, LoadCommandID=null, PublicID=null}]
2026-07-26 10:12:44,885 INFO  [stdout] (webcontainer-worker task-5616) [(2) MARIA ARTO - Veicolo Assicurato]
2026-07-26 10:12:44,885 INFO  [stdout] (webcontainer-worker task-5616) [
2026-07-26 10:12:44,885 INFO  [stdout] (webcontainer-worker task-5616)   (AventeDiritto_Ext) {ID=-3147400001, BeanVersion=null, ArchivePartition=null, AventeDiritto=452140288, AventeDirittoType=Danneggiato, Check=-3147396001, LoadCommandID=null, PublicID=null}]
2026-07-26 10:12:44,921 INFO  [stdout] (webcontainer-worker task-5616) [(2) MARIA ARTO - Veicolo Assicurato]
2026-07-26 10:12:44,921 INFO  [stdout] (webcontainer-worker task-5616) [
2026-07-26 10:12:44,921 INFO  [stdout] (webcontainer-worker task-5616)   (AventeDiritto_Ext) {ID=-3147400001, BeanVersion=null, ArchivePartition=null, AventeDiritto=452140288, AventeDirittoType=Danneggiato, Check=-3147396001, LoadCommandID=null, PublicID=null}]
2026-07-26 10:12:45,033 INFO  [stdout] (webcontainer-worker task-5616) [(2) MARIA ARTO - Veicolo Assicurato]
2026-07-26 10:12:45,033 INFO  [stdout] (webcontainer-worker task-5616) [
2026-07-26 10:12:45,033 INFO  [stdout] (webcontainer-worker task-5616)   (AventeDiritto_Ext) {ID=-3147400001, BeanVersion=null, ArchivePartition=null, AventeDiritto=452140288, AventeDirittoType=Danneggiato, Check=-3147396001, LoadCommandID=null, PublicID=null}]
2026-07-26 10:12:45,036 INFO  [stdout] (webcontainer-worker task-5616) [(2) MARIA ARTO - Veicolo Assicurato]
2026-07-26 10:12:45,036 INFO  [stdout] (webcontainer-worker task-5616) [
2026-07-26 10:12:45,036 INFO  [stdout] (webcontainer-worker task-5616)   (AventeDiritto_Ext) {ID=-3147400001, BeanVersion=null, ArchivePartition=null, AventeDiritto=452140288, AventeDirittoType=Danneggiato, Check=-3147396001, LoadCommandID=null, PublicID=null}]
2026-07-26 10:12:47,975 INFO  [stdout] (webcontainer-worker task-5616) [(2) MARIA ARTO - Veicolo Assicurato]
2026-07-26 10:12:47,975 INFO  [stdout] (webcontainer-worker task-5616) [
2026-07-26 10:12:47,975 INFO  [stdout] (webcontainer-worker task-5616)   (AventeDiritto_Ext) {ID=-3147400001, BeanVersion=null, ArchivePartition=null, AventeDiritto=452140288, AventeDirittoType=Danneggiato, Check=-3147396001, LoadCommandID=null, PublicID=null}]
2026-07-26 10:12:48,001 INFO  [stdout] (webcontainer-worker task-5616) [(2) MARIA ARTO - Veicolo Assicurato]
2026-07-26 10:12:48,001 INFO  [stdout] (webcontainer-worker task-5616) [
2026-07-26 10:12:48,001 INFO  [stdout] (webcontainer-worker task-5616)   (AventeDiritto_Ext) {ID=-3147400001, BeanVersion=null, ArchivePartition=null, AventeDiritto=452140288, AventeDirittoType=Danneggiato, Check=-3147396001, LoadCommandID=null, PublicID=null}]
2026-07-26 10:12:48,027 INFO  [stdout] (webcontainer-worker task-5616) [(2) MARIA ARTO - Veicolo Assicurato]
2026-07-26 10:12:48,027 INFO  [stdout] (webcontainer-worker task-5616) [
2026-07-26 10:12:48,027 INFO  [stdout] (webcontainer-worker task-5616)   (AventeDiritto_Ext) {ID=-3147400001, BeanVersion=null, ArchivePartition=null, AventeDiritto=452140288, AventeDirittoType=Danneggiato, Check=-3147396001, LoadCommandID=null, PublicID=null}]
2026-07-26 10:12:48,065 INFO  [stdout] (webcontainer-worker task-5616) [(2) MARIA ARTO - Veicolo Assicurato]
2026-07-26 10:12:48,066 INFO  [stdout] (webcontainer-worker task-5616) [
2026-07-26 10:12:48,066 INFO  [stdout] (webcontainer-worker task-5616)   (AventeDiritto_Ext) {ID=-3147400001, BeanVersion=null, ArchivePartition=null, AventeDiritto=452140288, AventeDirittoType=Danneggiato, Check=-3147396001, LoadCommandID=null, PublicID=null}]
2026-07-26 10:12:48,176 INFO  [stdout] (webcontainer-worker task-5616) [(2) MARIA ARTO - Veicolo Assicurato]
2026-07-26 10:12:48,176 INFO  [stdout] (webcontainer-worker task-5616) [
2026-07-26 10:12:48,176 INFO  [stdout] (webcontainer-worker task-5616)   (AventeDiritto_Ext) {ID=-3147400001, BeanVersion=null, ArchivePartition=null, AventeDiritto=452140288, AventeDirittoType=Danneggiato, Check=-3147396001, LoadCommandID=null, PublicID=null}]
2026-07-26 10:12:48,179 INFO  [stdout] (webcontainer-worker task-5616) [(2) MARIA ARTO - Veicolo Assicurato]
2026-07-26 10:12:48,180 INFO  [stdout] (webcontainer-worker task-5616) [
2026-07-26 10:12:48,180 INFO  [stdout] (webcontainer-worker task-5616)   (AventeDiritto_Ext) {ID=-3147400001, BeanVersion=null, ArchivePartition=null, AventeDiritto=452140288, AventeDirittoType=Danneggiato, Check=-3147396001, LoadCommandID=null, PublicID=null}]
2026-07-26 10:12:49,332 INFO  [stdout] (webcontainer-worker task-5616) [(2) MARIA ARTO - Veicolo Assicurato]
2026-07-26 10:12:49,332 INFO  [stdout] (webcontainer-worker task-5616) [
2026-07-26 10:12:49,332 INFO  [stdout] (webcontainer-worker task-5616)   (AventeDiritto_Ext) {ID=-3147400001, BeanVersion=null, ArchivePartition=null, AventeDiritto=452140288, AventeDirittoType=Danneggiato, Check=-3147396001, LoadCommandID=null, PublicID=null}]
2026-07-26 10:12:49,359 INFO  [stdout] (webcontainer-worker task-5616) [(2) MARIA ARTO - Veicolo Assicurato]
2026-07-26 10:12:49,359 INFO  [stdout] (webcontainer-worker task-5616) [
2026-07-26 10:12:49,359 INFO  [stdout] (webcontainer-worker task-5616)   (AventeDiritto_Ext) {ID=-3147400001, BeanVersion=null, ArchivePartition=null, AventeDiritto=452140288, AventeDirittoType=Danneggiato, Check=-3147396001, LoadCommandID=null, PublicID=null}]
2026-07-26 10:12:49,384 INFO  [stdout] (webcontainer-worker task-5616) [(2) MARIA ARTO - Veicolo Assicurato]
2026-07-26 10:12:49,384 INFO  [stdout] (webcontainer-worker task-5616) [
2026-07-26 10:12:49,384 INFO  [stdout] (webcontainer-worker task-5616)   (AventeDiritto_Ext) {ID=-3147400001, BeanVersion=null, ArchivePartition=null, AventeDiritto=452140288, AventeDirittoType=Danneggiato, Check=-3147396001, LoadCommandID=null, PublicID=null}]
2026-07-26 10:12:49,388 INFO  [stdout] (webcontainer-worker task-5616) [(2) MARIA ARTO - Veicolo Assicurato]
2026-07-26 10:12:49,388 INFO  [stdout] (webcontainer-worker task-5616) [
2026-07-26 10:12:49,388 INFO  [stdout] (webcontainer-worker task-5616)   (AventeDiritto_Ext) {ID=-3147400001, BeanVersion=null, ArchivePartition=null, AventeDiritto=452140288, AventeDirittoType=Danneggiato, Check=-3147396001, LoadCommandID=null, PublicID=null}]
2026-07-26 10:12:49,391 INFO  [stdout] (webcontainer-worker task-5616) [(2) MARIA ARTO - Veicolo Assicurato]
2026-07-26 10:12:49,391 INFO  [stdout] (webcontainer-worker task-5616) [
2026-07-26 10:12:49,391 INFO  [stdout] (webcontainer-worker task-5616)   (AventeDiritto_Ext) {ID=-3147400001, BeanVersion=null, ArchivePartition=null, AventeDiritto=452140288, AventeDirittoType=Danneggiato, Check=-3147396001, LoadCommandID=null, PublicID=null}]
2026-07-26 10:18:58,110 INFO  [stdout] (webcontainer-worker task-5614) [(2) MOSE' VENTURELLI - Veicolo Assicurato]
2026-07-26 10:18:58,110 INFO  [stdout] (webcontainer-worker task-5614) [
2026-07-26 10:18:58,110 INFO  [stdout] (webcontainer-worker task-5614)   (AventeDiritto_Ext) {ID=-3149076001, BeanVersion=null, ArchivePartition=null, AventeDiritto=438663263, AventeDirittoType=Danneggiato, Check=-3149072001, LoadCommandID=null, PublicID=null}]
2026-07-26 10:18:58,356 INFO  [stdout] (webcontainer-worker task-5614) [(2) MOSE' VENTURELLI - Veicolo Assicurato]
2026-07-26 10:18:58,356 INFO  [stdout] (webcontainer-worker task-5614) [
2026-07-26 10:18:58,356 INFO  [stdout] (webcontainer-worker task-5614)   (AventeDiritto_Ext) {ID=-3149076001, BeanVersion=null, ArchivePartition=null, AventeDiritto=438663263, AventeDirittoType=Danneggiato, Check=-3149072001, LoadCommandID=null, PublicID=null}]
2026-07-26 10:18:58,357 INFO  [stdout] (webcontainer-worker task-5614) [(2) MOSE' VENTURELLI - Veicolo Assicurato]
2026-07-26 10:18:58,357 INFO  [stdout] (webcontainer-worker task-5614) [
2026-07-26 10:18:58,357 INFO  [stdout] (webcontainer-worker task-5614)   (AventeDiritto_Ext) {ID=-3149076001, BeanVersion=null, ArchivePartition=null, AventeDiritto=438663263, AventeDirittoType=Danneggiato, Check=-3149072001, LoadCommandID=null, PublicID=null}]
2026-07-26 10:19:01,759 INFO  [stdout] (webcontainer-worker task-5614) [(2) MOSE' VENTURELLI - Veicolo Assicurato]
2026-07-26 10:19:01,759 INFO  [stdout] (webcontainer-worker task-5614) [
2026-07-26 10:19:01,759 INFO  [stdout] (webcontainer-worker task-5614)   (AventeDiritto_Ext) {ID=-3149076001, BeanVersion=null, ArchivePartition=null, AventeDiritto=438663263, AventeDirittoType=Danneggiato, Check=-3149072001, LoadCommandID=null, PublicID=null}]
2026-07-26 10:19:01,791 INFO  [stdout] (webcontainer-worker task-5614) [(2) MOSE' VENTURELLI - Veicolo Assicurato]
2026-07-26 10:19:01,791 INFO  [stdout] (webcontainer-worker task-5614) [
2026-07-26 10:19:01,791 INFO  [stdout] (webcontainer-worker task-5614)   (AventeDiritto_Ext) {ID=-3149076001, BeanVersion=null, ArchivePartition=null, AventeDiritto=438663263, AventeDirittoType=Danneggiato, Check=-3149072001, LoadCommandID=null, PublicID=null}]
2026-07-26 10:19:01,821 INFO  [stdout] (webcontainer-worker task-5614) [(2) MOSE' VENTURELLI - Veicolo Assicurato]
2026-07-26 10:19:01,821 INFO  [stdout] (webcontainer-worker task-5614) [
2026-07-26 10:19:01,821 INFO  [stdout] (webcontainer-worker task-5614)   (AventeDiritto_Ext) {ID=-3149076001, BeanVersion=null, ArchivePartition=null, AventeDiritto=438663263, AventeDirittoType=Danneggiato, Check=-3149072001, LoadCommandID=null, PublicID=null}]
2026-07-26 10:19:02,083 INFO  [stdout] (webcontainer-worker task-5614) [(2) MOSE' VENTURELLI - Veicolo Assicurato]
2026-07-26 10:19:02,084 INFO  [stdout] (webcontainer-worker task-5614) [
2026-07-26 10:19:02,084 INFO  [stdout] (webcontainer-worker task-5614)   (AventeDiritto_Ext) {ID=-3149076001, BeanVersion=null, ArchivePartition=null, AventeDiritto=438663263, AventeDirittoType=Danneggiato, Check=-3149072001, LoadCommandID=null, PublicID=null}]
2026-07-26 10:19:02,320 INFO  [stdout] (webcontainer-worker task-5614) [(2) MOSE' VENTURELLI - Veicolo Assicurato]
2026-07-26 10:19:02,320 INFO  [stdout] (webcontainer-worker task-5614) [
2026-07-26 10:19:02,320 INFO  [stdout] (webcontainer-worker task-5614)   (AventeDiritto_Ext) {ID=-3149076001, BeanVersion=null, ArchivePartition=null, AventeDiritto=438663263, AventeDirittoType=Danneggiato, Check=-3149072001, LoadCommandID=null, PublicID=null}]
2026-07-26 10:19:02,323 INFO  [stdout] (webcontainer-worker task-5614) [(2) MOSE' VENTURELLI - Veicolo Assicurato]
2026-07-26 10:19:02,323 INFO  [stdout] (webcontainer-worker task-5614) [
2026-07-26 10:19:02,323 INFO  [stdout] (webcontainer-worker task-5614)   (AventeDiritto_Ext) {ID=-3149076001, BeanVersion=null, ArchivePartition=null, AventeDiritto=438663263, AventeDirittoType=Danneggiato, Check=-3149072001, LoadCommandID=null, PublicID=null}]
2026-07-26 10:19:04,407 INFO  [stdout] (webcontainer-worker task-5614) [(2) MOSE' VENTURELLI - Veicolo Assicurato]
2026-07-26 10:19:04,408 INFO  [stdout] (webcontainer-worker task-5614) [
2026-07-26 10:19:04,408 INFO  [stdout] (webcontainer-worker task-5614)   (AventeDiritto_Ext) {ID=-3149076001, BeanVersion=null, ArchivePartition=null, AventeDiritto=438663263, AventeDirittoType=Danneggiato, Check=-3149072001, LoadCommandID=null, PublicID=null}]
2026-07-26 10:19:04,444 INFO  [stdout] (webcontainer-worker task-5614) [(2) MOSE' VENTURELLI - Veicolo Assicurato]
2026-07-26 10:19:04,444 INFO  [stdout] (webcontainer-worker task-5614) [
2026-07-26 10:19:04,444 INFO  [stdout] (webcontainer-worker task-5614)   (AventeDiritto_Ext) {ID=-3149076001, BeanVersion=null, ArchivePartition=null, AventeDiritto=438663263, AventeDirittoType=Danneggiato, Check=-3149072001, LoadCommandID=null, PublicID=null}]
2026-07-26 10:19:04,481 INFO  [stdout] (webcontainer-worker task-5614) [(2) MOSE' VENTURELLI - Veicolo Assicurato]
2026-07-26 10:19:04,481 INFO  [stdout] (webcontainer-worker task-5614) [
2026-07-26 10:19:04,481 INFO  [stdout] (webcontainer-worker task-5614)   (AventeDiritto_Ext) {ID=-3149076001, BeanVersion=null, ArchivePartition=null, AventeDiritto=438663263, AventeDirittoType=Danneggiato, Check=-3149072001, LoadCommandID=null, PublicID=null}]
2026-07-26 10:19:04,746 INFO  [stdout] (webcontainer-worker task-5614) [(2) MOSE' VENTURELLI - Veicolo Assicurato]
2026-07-26 10:19:04,746 INFO  [stdout] (webcontainer-worker task-5614) [
2026-07-26 10:19:04,746 INFO  [stdout] (webcontainer-worker task-5614)   (AventeDiritto_Ext) {ID=-3149076001, BeanVersion=null, ArchivePartition=null, AventeDiritto=438663263, AventeDirittoType=Danneggiato, Check=-3149072001, LoadCommandID=null, PublicID=null}]
2026-07-26 10:19:04,993 INFO  [stdout] (webcontainer-worker task-5614) [(2) MOSE' VENTURELLI - Veicolo Assicurato]
2026-07-26 10:19:04,993 INFO  [stdout] (webcontainer-worker task-5614) [
2026-07-26 10:19:04,993 INFO  [stdout] (webcontainer-worker task-5614)   (AventeDiritto_Ext) {ID=-3149076001, BeanVersion=null, ArchivePartition=null, AventeDiritto=438663263, AventeDirittoType=Danneggiato, Check=-3149072001, LoadCommandID=null, PublicID=null}]
2026-07-26 10:19:04,996 INFO  [stdout] (webcontainer-worker task-5614) [(2) MOSE' VENTURELLI - Veicolo Assicurato]
2026-07-26 10:19:04,996 INFO  [stdout] (webcontainer-worker task-5614) [
2026-07-26 10:19:04,996 INFO  [stdout] (webcontainer-worker task-5614)   (AventeDiritto_Ext) {ID=-3149076001, BeanVersion=null, ArchivePartition=null, AventeDiritto=438663263, AventeDirittoType=Danneggiato, Check=-3149072001, LoadCommandID=null, PublicID=null}]
2026-07-26 10:19:09,191 INFO  [stdout] (webcontainer-worker task-5614) [(2) MOSE' VENTURELLI - Veicolo Assicurato]
2026-07-26 10:19:09,192 INFO  [stdout] (webcontainer-worker task-5614) [
2026-07-26 10:19:09,192 INFO  [stdout] (webcontainer-worker task-5614)   (AventeDiritto_Ext) {ID=-3149076001, BeanVersion=null, ArchivePartition=null, AventeDiritto=438663263, AventeDirittoType=Danneggiato, Check=-3149072001, LoadCommandID=null, PublicID=null}]
2026-07-26 10:19:09,230 INFO  [stdout] (webcontainer-worker task-5614) [(2) MOSE' VENTURELLI - Veicolo Assicurato]
2026-07-26 10:19:09,230 INFO  [stdout] (webcontainer-worker task-5614) [
2026-07-26 10:19:09,230 INFO  [stdout] (webcontainer-worker task-5614)   (AventeDiritto_Ext) {ID=-3149076001, BeanVersion=null, ArchivePartition=null, AventeDiritto=438663263, AventeDirittoType=Danneggiato, Check=-3149072001, LoadCommandID=null, PublicID=null}]
2026-07-26 10:19:09,266 INFO  [stdout] (webcontainer-worker task-5614) [(2) MOSE' VENTURELLI - Veicolo Assicurato]
2026-07-26 10:19:09,267 INFO  [stdout] (webcontainer-worker task-5614) [
2026-07-26 10:19:09,267 INFO  [stdout] (webcontainer-worker task-5614)   (AventeDiritto_Ext) {ID=-3149076001, BeanVersion=null, ArchivePartition=null, AventeDiritto=438663263, AventeDirittoType=Danneggiato, Check=-3149072001, LoadCommandID=null, PublicID=null}]
2026-07-26 10:19:09,482 INFO  [stdout] (webcontainer-worker task-5614) [(2) MOSE' VENTURELLI - Veicolo Assicurato]
2026-07-26 10:19:09,482 INFO  [stdout] (webcontainer-worker task-5614) [
2026-07-26 10:19:09,482 INFO  [stdout] (webcontainer-worker task-5614)   (AventeDiritto_Ext) {ID=-3149076001, BeanVersion=null, ArchivePartition=null, AventeDiritto=438663263, AventeDirittoType=Danneggiato, Check=-3149072001, LoadCommandID=null, PublicID=null}]
2026-07-26 10:19:09,722 INFO  [stdout] (webcontainer-worker task-5614) [(2) MOSE' VENTURELLI - Veicolo Assicurato]
2026-07-26 10:19:09,723 INFO  [stdout] (webcontainer-worker task-5614) [
2026-07-26 10:19:09,723 INFO  [stdout] (webcontainer-worker task-5614)   (AventeDiritto_Ext) {ID=-3149076001, BeanVersion=null, ArchivePartition=null, AventeDiritto=438663263, AventeDirittoType=Danneggiato, Check=-3149072001, LoadCommandID=null, PublicID=null}]
2026-07-26 10:19:09,725 INFO  [stdout] (webcontainer-worker task-5614) [(2) MOSE' VENTURELLI - Veicolo Assicurato]
2026-07-26 10:19:09,725 INFO  [stdout] (webcontainer-worker task-5614) [
2026-07-26 10:19:09,725 INFO  [stdout] (webcontainer-worker task-5614)   (AventeDiritto_Ext) {ID=-3149076001, BeanVersion=null, ArchivePartition=null, AventeDiritto=438663263, AventeDirittoType=Danneggiato, Check=-3149072001, LoadCommandID=null, PublicID=null}]
2026-07-26 10:19:11,151 INFO  [stdout] (webcontainer-worker task-5614) [(2) MOSE' VENTURELLI - Veicolo Assicurato]
2026-07-26 10:19:11,151 INFO  [stdout] (webcontainer-worker task-5614) [
2026-07-26 10:19:11,151 INFO  [stdout] (webcontainer-worker task-5614)   (AventeDiritto_Ext) {ID=-3149076001, BeanVersion=null, ArchivePartition=null, AventeDiritto=438663263, AventeDirittoType=Danneggiato, Check=-3149072001, LoadCommandID=null, PublicID=null}]
2026-07-26 10:19:11,189 INFO  [stdout] (webcontainer-worker task-5614) [(2) MOSE' VENTURELLI - Veicolo Assicurato]
2026-07-26 10:19:11,190 INFO  [stdout] (webcontainer-worker task-5614) [
2026-07-26 10:19:11,190 INFO  [stdout] (webcontainer-worker task-5614)   (AventeDiritto_Ext) {ID=-3149076001, BeanVersion=null, ArchivePartition=null, AventeDiritto=438663263, AventeDirittoType=Danneggiato, Check=-3149072001, LoadCommandID=null, PublicID=null}]
2026-07-26 10:19:11,227 INFO  [stdout] (webcontainer-worker task-5614) [(2) MOSE' VENTURELLI - Veicolo Assicurato]
2026-07-26 10:19:11,227 INFO  [stdout] (webcontainer-worker task-5614) [
2026-07-26 10:19:11,227 INFO  [stdout] (webcontainer-worker task-5614)   (AventeDiritto_Ext) {ID=-3149076001, BeanVersion=null, ArchivePartition=null, AventeDiritto=438663263, AventeDirittoType=Danneggiato, Check=-3149072001, LoadCommandID=null, PublicID=null}]
2026-07-26 10:19:11,432 INFO  [stdout] (webcontainer-worker task-5614) [(2) MOSE' VENTURELLI - Veicolo Assicurato]
2026-07-26 10:19:11,432 INFO  [stdout] (webcontainer-worker task-5614) [
2026-07-26 10:19:11,432 INFO  [stdout] (webcontainer-worker task-5614)   (AventeDiritto_Ext) {ID=-3149076001, BeanVersion=null, ArchivePartition=null, AventeDiritto=438663263, AventeDirittoType=Danneggiato, Check=-3149072001, LoadCommandID=null, PublicID=null}]
2026-07-26 10:19:11,684 INFO  [stdout] (webcontainer-worker task-5614) [(2) MOSE' VENTURELLI - Veicolo Assicurato]
2026-07-26 10:19:11,684 INFO  [stdout] (webcontainer-worker task-5614) [
2026-07-26 10:19:11,685 INFO  [stdout] (webcontainer-worker task-5614)   (AventeDiritto_Ext) {ID=-3149076001, BeanVersion=null, ArchivePartition=null, AventeDiritto=438663263, AventeDirittoType=Danneggiato, Check=-3149072001, LoadCommandID=null, PublicID=null}]
2026-07-26 10:19:11,687 INFO  [stdout] (webcontainer-worker task-5614) [(2) MOSE' VENTURELLI - Veicolo Assicurato]
2026-07-26 10:19:11,687 INFO  [stdout] (webcontainer-worker task-5614) [
2026-07-26 10:19:11,687 INFO  [stdout] (webcontainer-worker task-5614)   (AventeDiritto_Ext) {ID=-3149076001, BeanVersion=null, ArchivePartition=null, AventeDiritto=438663263, AventeDirittoType=Danneggiato, Check=-3149072001, LoadCommandID=null, PublicID=null}]
2026-07-26 10:19:13,786 INFO  [stdout] (webcontainer-worker task-5616) [(2) MOSE' VENTURELLI - Veicolo Assicurato]
2026-07-26 10:19:13,786 INFO  [stdout] (webcontainer-worker task-5616) [
2026-07-26 10:19:13,786 INFO  [stdout] (webcontainer-worker task-5616)   (AventeDiritto_Ext) {ID=-3149076001, BeanVersion=null, ArchivePartition=null, AventeDiritto=438663263, AventeDirittoType=Danneggiato, Check=-3149072001, LoadCommandID=null, PublicID=null}]
2026-07-26 10:19:13,824 INFO  [stdout] (webcontainer-worker task-5616) [(2) MOSE' VENTURELLI - Veicolo Assicurato]
2026-07-26 10:19:13,824 INFO  [stdout] (webcontainer-worker task-5616) [
2026-07-26 10:19:13,824 INFO  [stdout] (webcontainer-worker task-5616)   (AventeDiritto_Ext) {ID=-3149076001, BeanVersion=null, ArchivePartition=null, AventeDiritto=438663263, AventeDirittoType=Danneggiato, Check=-3149072001, LoadCommandID=null, PublicID=null}]
2026-07-26 10:19:13,860 INFO  [stdout] (webcontainer-worker task-5616) [(2) MOSE' VENTURELLI - Veicolo Assicurato]
2026-07-26 10:19:13,860 INFO  [stdout] (webcontainer-worker task-5616) [
2026-07-26 10:19:13,860 INFO  [stdout] (webcontainer-worker task-5616)   (AventeDiritto_Ext) {ID=-3149076001, BeanVersion=null, ArchivePartition=null, AventeDiritto=438663263, AventeDirittoType=Danneggiato, Check=-3149072001, LoadCommandID=null, PublicID=null}]
2026-07-26 10:19:13,868 INFO  [stdout] (webcontainer-worker task-5616) [(2) MOSE' VENTURELLI - Veicolo Assicurato]
2026-07-26 10:19:13,868 INFO  [stdout] (webcontainer-worker task-5616) [
2026-07-26 10:19:13,868 INFO  [stdout] (webcontainer-worker task-5616)   (AventeDiritto_Ext) {ID=-3149076001, BeanVersion=null, ArchivePartition=null, AventeDiritto=438663263, AventeDirittoType=Danneggiato, Check=-3149072001, LoadCommandID=null, PublicID=null}]
2026-07-26 10:19:13,871 INFO  [stdout] (webcontainer-worker task-5616) [(2) MOSE' VENTURELLI - Veicolo Assicurato]
2026-07-26 10:19:13,871 INFO  [stdout] (webcontainer-worker task-5616) [
2026-07-26 10:19:13,871 INFO  [stdout] (webcontainer-worker task-5616)   (AventeDiritto_Ext) {ID=-3149076001, BeanVersion=null, ArchivePartition=null, AventeDiritto=438663263, AventeDirittoType=Danneggiato, Check=-3149072001, LoadCommandID=null, PublicID=null}]
2026-07-26 10:58:38,648 INFO  [stdout] (webcontainer-worker task-5631) Ext_NewIncaricoPP::onChangeTabellaRiferimento - incaricoMedico ROBERTO MOLTENI - 034260rd31 - ania - periziaMedica
2026-07-26 11:37:49,124 INFO  [stdout] (webcontainer-worker task-5638) SimpleClaimSearch-SimpleClaimSearchScreen-Ext_ClaimSearchResultsLV-0-0
2026-07-26 11:46:24,578 INFO  [stdout] (webcontainer-worker task-5638) ClaimSearch-ClaimSearchScreen-Ext_ClaimSearchResultsLV-0-0
2026-07-26 12:02:29,582 INFO  [stdout] (webcontainer-worker task-5646) SimpleClaimSearch-SimpleClaimSearchScreen-Ext_ClaimSearchResultsLV-0-0
2026-07-26 12:03:16,161 INFO  [stdout] (webcontainer-worker task-5638) SimpleClaimSearch-SimpleClaimSearchScreen-Ext_ClaimSearchResultsLV-0-0
2026-07-26 12:03:47,182 INFO  [stdout] (webcontainer-worker task-5646) SimpleClaimSearch-SimpleClaimSearchScreen-Ext_ClaimSearchResultsLV-0-0
2026-07-26 12:04:10,698 INFO  [stdout] (webcontainer-worker task-5648) ClaimSearch-ClaimSearchScreen-Ext_ClaimSearchResultsLV-0-0
2026-07-26 12:04:14,805 INFO  [stdout] (webcontainer-worker task-5648) ClaimSearch-ClaimSearchScreen-Ext_ClaimSearchResultsLV-0-0
2026-07-26 12:15:57,193 INFO  [stdout] (webcontainer-worker task-5652) SimpleClaimSearch-SimpleClaimSearchScreen-Ext_ClaimSearchResultsLV-0-0
2026-07-26 13:31:22,483 INFO  [stdout] (webcontainer-worker task-5661) SimpleClaimSearch-SimpleClaimSearchScreen-Ext_ClaimSearchResultsLV-0-0
2026-07-26 13:33:17,182 INFO  [stdout] (webcontainer-worker task-5661) SimpleClaimSearch-SimpleClaimSearchScreen-Ext_ClaimSearchResultsLV-0-0
2026-07-26 13:35:54,612 INFO  [stdout] (webcontainer-worker task-5662) SimpleClaimSearch-SimpleClaimSearchScreen-Ext_ClaimSearchResultsLV-0-0
2026-07-26 13:41:10,226 INFO  [stdout] (webcontainer-worker task-5663) SimpleClaimSearch-SimpleClaimSearchScreen-Ext_ClaimSearchResultsLV-0-0
2026-07-26 13:45:43,217 INFO  [stdout] (webcontainer-worker task-5666) ClaimSearch-ClaimSearchScreen-Ext_ClaimSearchResultsLV-0-0
2026-07-26 13:46:49,476 INFO  [stdout] (webcontainer-worker task-5666) ClaimSearch-ClaimSearchScreen-Ext_ClaimSearchResultsLV-0-0
2026-07-26 13:49:08,461 INFO  [stdout] (webcontainer-worker task-5665) SimpleClaimSearch-SimpleClaimSearchScreen-Ext_ClaimSearchResultsLV-0-0
2026-07-26 13:58:42,607 INFO  [stdout] (webcontainer-worker task-5667) SimpleClaimSearch-SimpleClaimSearchScreen-Ext_ClaimSearchResultsLV-0-0
2026-07-26 14:08:03,242 INFO  [stdout] (webcontainer-worker task-5672) SimpleClaimSearch-SimpleClaimSearchScreen-Ext_ClaimSearchResultsLV-0-0
2026-07-26 14:14:43,695 INFO  [stdout] (webcontainer-worker task-5672) SimpleClaimSearch-SimpleClaimSearchScreen-Ext_ClaimSearchResultsLV-0-0
2026-07-26 14:16:00,460 INFO  [stdout] (webcontainer-worker task-5671) SimpleClaimSearch-SimpleClaimSearchScreen-Ext_ClaimSearchResultsLV-0-0
